load("@rules_rust//rust:defs.bzl", "rust_library", "rust_test")

rust_test(
    name = "foobar",
    srcs = ["foobar.rs"],
)

rust_library(
    name = "helper",
    srcs = ["helper.rs"],
)
